Archive member included to satisfy reference by file (symbol)

c:/st/stm32cubeide_1.4.0/stm32cubeide/plugins/com.st.stm32cube.ide.mcu.externaltools.gnu-tools-for-stm32.7-2018-q2-update.win32_1.4.0.202007081208/tools/bin/../lib/gcc/arm-none-eabi/7.3.1/../../../../arm-none-eabi/lib/thumb/v7-m\libc_nano.a(lib_a-errno.o)
                              Src/syscalls.o (__errno)
c:/st/stm32cubeide_1.4.0/stm32cubeide/plugins/com.st.stm32cube.ide.mcu.externaltools.gnu-tools-for-stm32.7-2018-q2-update.win32_1.4.0.202007081208/tools/bin/../lib/gcc/arm-none-eabi/7.3.1/../../../../arm-none-eabi/lib/thumb/v7-m\libc_nano.a(lib_a-exit.o)
                              c:/st/stm32cubeide_1.4.0/stm32cubeide/plugins/com.st.stm32cube.ide.mcu.externaltools.gnu-tools-for-stm32.7-2018-q2-update.win32_1.4.0.202007081208/tools/bin/../lib/gcc/arm-none-eabi/7.3.1/../../../../arm-none-eabi/lib/thumb/v7-m/crt0.o (exit)
c:/st/stm32cubeide_1.4.0/stm32cubeide/plugins/com.st.stm32cube.ide.mcu.externaltools.gnu-tools-for-stm32.7-2018-q2-update.win32_1.4.0.202007081208/tools/bin/../lib/gcc/arm-none-eabi/7.3.1/../../../../arm-none-eabi/lib/thumb/v7-m\libc_nano.a(lib_a-impure.o)
                              c:/st/stm32cubeide_1.4.0/stm32cubeide/plugins/com.st.stm32cube.ide.mcu.externaltools.gnu-tools-for-stm32.7-2018-q2-update.win32_1.4.0.202007081208/tools/bin/../lib/gcc/arm-none-eabi/7.3.1/../../../../arm-none-eabi/lib/thumb/v7-m\libc_nano.a(lib_a-exit.o) (_global_impure_ptr)
c:/st/stm32cubeide_1.4.0/stm32cubeide/plugins/com.st.stm32cube.ide.mcu.externaltools.gnu-tools-for-stm32.7-2018-q2-update.win32_1.4.0.202007081208/tools/bin/../lib/gcc/arm-none-eabi/7.3.1/../../../../arm-none-eabi/lib/thumb/v7-m\libc_nano.a(lib_a-init.o)
                              c:/st/stm32cubeide_1.4.0/stm32cubeide/plugins/com.st.stm32cube.ide.mcu.externaltools.gnu-tools-for-stm32.7-2018-q2-update.win32_1.4.0.202007081208/tools/bin/../lib/gcc/arm-none-eabi/7.3.1/../../../../arm-none-eabi/lib/thumb/v7-m/crt0.o (__libc_init_array)
c:/st/stm32cubeide_1.4.0/stm32cubeide/plugins/com.st.stm32cube.ide.mcu.externaltools.gnu-tools-for-stm32.7-2018-q2-update.win32_1.4.0.202007081208/tools/bin/../lib/gcc/arm-none-eabi/7.3.1/../../../../arm-none-eabi/lib/thumb/v7-m\libc_nano.a(lib_a-memset.o)
                              c:/st/stm32cubeide_1.4.0/stm32cubeide/plugins/com.st.stm32cube.ide.mcu.externaltools.gnu-tools-for-stm32.7-2018-q2-update.win32_1.4.0.202007081208/tools/bin/../lib/gcc/arm-none-eabi/7.3.1/../../../../arm-none-eabi/lib/thumb/v7-m/crt0.o (memset)
c:/st/stm32cubeide_1.4.0/stm32cubeide/plugins/com.st.stm32cube.ide.mcu.externaltools.gnu-tools-for-stm32.7-2018-q2-update.win32_1.4.0.202007081208/tools/bin/../lib/gcc/arm-none-eabi/7.3.1/../../../../arm-none-eabi/lib/thumb/v7-m\libc_nano.a(lib_a-sprintf.o)
                              Drivers/ECU/LCD/lcd.o (sprintf)
c:/st/stm32cubeide_1.4.0/stm32cubeide/plugins/com.st.stm32cube.ide.mcu.externaltools.gnu-tools-for-stm32.7-2018-q2-update.win32_1.4.0.202007081208/tools/bin/../lib/gcc/arm-none-eabi/7.3.1/../../../../arm-none-eabi/lib/thumb/v7-m\libc_nano.a(lib_a-nano-svfprintf.o)
                              c:/st/stm32cubeide_1.4.0/stm32cubeide/plugins/com.st.stm32cube.ide.mcu.externaltools.gnu-tools-for-stm32.7-2018-q2-update.win32_1.4.0.202007081208/tools/bin/../lib/gcc/arm-none-eabi/7.3.1/../../../../arm-none-eabi/lib/thumb/v7-m\libc_nano.a(lib_a-sprintf.o) (_svfprintf_r)
c:/st/stm32cubeide_1.4.0/stm32cubeide/plugins/com.st.stm32cube.ide.mcu.externaltools.gnu-tools-for-stm32.7-2018-q2-update.win32_1.4.0.202007081208/tools/bin/../lib/gcc/arm-none-eabi/7.3.1/../../../../arm-none-eabi/lib/thumb/v7-m\libc_nano.a(lib_a-nano-vfprintf_i.o)
                              c:/st/stm32cubeide_1.4.0/stm32cubeide/plugins/com.st.stm32cube.ide.mcu.externaltools.gnu-tools-for-stm32.7-2018-q2-update.win32_1.4.0.202007081208/tools/bin/../lib/gcc/arm-none-eabi/7.3.1/../../../../arm-none-eabi/lib/thumb/v7-m\libc_nano.a(lib_a-nano-svfprintf.o) (_printf_i)
c:/st/stm32cubeide_1.4.0/stm32cubeide/plugins/com.st.stm32cube.ide.mcu.externaltools.gnu-tools-for-stm32.7-2018-q2-update.win32_1.4.0.202007081208/tools/bin/../lib/gcc/arm-none-eabi/7.3.1/../../../../arm-none-eabi/lib/thumb/v7-m\libc_nano.a(lib_a-memchr-stub.o)
                              c:/st/stm32cubeide_1.4.0/stm32cubeide/plugins/com.st.stm32cube.ide.mcu.externaltools.gnu-tools-for-stm32.7-2018-q2-update.win32_1.4.0.202007081208/tools/bin/../lib/gcc/arm-none-eabi/7.3.1/../../../../arm-none-eabi/lib/thumb/v7-m\libc_nano.a(lib_a-nano-svfprintf.o) (memchr)
c:/st/stm32cubeide_1.4.0/stm32cubeide/plugins/com.st.stm32cube.ide.mcu.externaltools.gnu-tools-for-stm32.7-2018-q2-update.win32_1.4.0.202007081208/tools/bin/../lib/gcc/arm-none-eabi/7.3.1/../../../../arm-none-eabi/lib/thumb/v7-m\libc_nano.a(lib_a-memcpy-stub.o)
[...]
Memory Configuration

Name             Origin             Length             Attributes
RAM              0x0000000020000000 0x0000000000002800 xrw
ROM              0x0000000008000000 0x0000000000008000 xr
*default*        0x0000000000000000 0xffffffffffffffff

Linker script and memory map

LOAD c:/st/stm32cubeide_1.4.0/stm32cubeide/plugins/com.st.stm32cube.ide.mcu.externaltools.gnu-tools-for-stm32.7-2018-q2-update.win32_1.4.0.202007081208/tools/bin/../lib/gcc/arm-none-eabi/7.3.1/thumb/v7-m/crti.o
LOAD c:/st/stm32cubeide_1.4.0/stm32cubeide/plugins/com.st.stm32cube.ide.mcu.externaltools.gnu-tools-for-stm32.7-2018-q2-update.win32_1.4.0.202007081208/tools/bin/../lib/gcc/arm-none-eabi/7.3.1/thumb/v7-m/crtbegin.o
LOAD c:/st/stm32cubeide_1.4.0/stm32cubeide/plugins/com.st.stm32cube.ide.mcu.externaltools.gnu-tools-for-stm32.7-2018-q2-update.win32_1.4.0.202007081208/tools/bin/../lib/gcc/arm-none-eabi/7.3.1/../../../../arm-none-eabi/lib/thumb/v7-m/crt0.o
LOAD Drivers/ECU/EEPROM/EEPROM.o
LOAD Drivers/ECU/KEYPAD/keypad.o
LOAD Drivers/ECU/LCD/lcd.o
LOAD Drivers/MCAL/EXTI/EXTI.o
LOAD Drivers/MCAL/GPIO/GPIO.o
LOAD Drivers/MCAL/I2C/I2C.o
LOAD Drivers/MCAL/RCC/RCC.o
LOAD Drivers/MCAL/SPI/SPI.o
LOAD Drivers/MCAL/TIMER/TIMER.o
LOAD Drivers/MCAL/USART/USART.o
LOAD Src/app.o
LOAD Src/main.o
LOAD Src/syscalls.o
LOAD Src/sysmem.o
LOAD Startup/startup_stm32f103c6tx.o
START GROUP
LOAD c:/st/stm32cubeide_1.4.0/stm32cubeide/plugins/com.st.stm32cube.ide.mcu.externaltools.gnu-tools-for-stm32.7-2018-q2-update.win32_1.4.0.202007081208/tools/bin/../lib/gcc/arm-none-eabi/7.3.1/../../../../arm-none-eabi/lib/thumb/v7-m\libc_nano.a
LOAD c:/st/stm32cubeide_1.4.0/stm32cubeide/plugins/com.st.stm32cube.ide.mcu.externaltools.gnu-tools-for-stm32.7-2018-q2-update.win32_1.4.0.202007081208/tools/bin/../lib/gcc/arm-none-eabi/7.3.1/../../../../arm-none-eabi/lib/thumb/v7-m\libm.a
END GROUP
START GROUP
LOAD c:/st/stm32cubeide_1.4.0/stm32cubeide/plugins/com.st.stm32cube.ide.mcu.externaltools.gnu-tools-for-stm32.7-2018-q2-update.win32_1.4.0.202007081208/tools/bin/../lib/gcc/arm-none-eabi/7.3.1/thumb/v7-m\libgcc.a
LOAD c:/st/stm32cubeide_1.4.0/stm32cubeide/plugins/com.st.stm32cube.ide.mcu.externaltools.gnu-tools-for-stm32.7-2018-q2-update.win32_1.4.0.202007081208/tools/bin/../lib/gcc/arm-none-eabi/7.3.1/../../../../arm-none-eabi/lib/thumb/v7-m\libg_nano.a
LOAD c:/st/stm32cubeide_1.4.0/stm32cubeide/plugins/com.st.stm32cube.ide.mcu.externaltools.gnu-tools-for-stm32.7-2018-q2-update.win32_1.4.0.202007081208/tools/bin/../lib/gcc/arm-none-eabi/7.3.1/../../../../arm-none-eabi/lib/thumb/v7-m\libc_nano.a
END GROUP
START GROUP
LOAD c:/st/stm32cubeide_1.4.0/stm32cubeide/plugins/com.st.stm32cube.ide.mcu.externaltools.gnu-tools-for-stm32.7-2018-q2-update.win32_1.4.0.202007081208/tools/bin/../lib/gcc/arm-none-eabi/7.3.1/thumb/v7-m\libgcc.a
LOAD c:/st/stm32cubeide_1.4.0/stm32cubeide/plugins/com.st.stm32cube.ide.mcu.externaltools.gnu-tools-for-stm32.7-2018-q2-update.win32_1.4.0.202007081208/tools/bin/../lib/gcc/arm-none-eabi/7.3.1/../../../../arm-none-eabi/lib/thumb/v7-m\libc_nano.a
LOAD c:/st/stm32cubeide_1.4.0/stm32cubeide/plugins/com.st.stm32cube.ide.mcu.externaltools.gnu-tools-for-stm32.7-2018-q2-update.win32_1.4.0.202007081208/tools/bin/../lib/gcc/arm-none-eabi/7.3.1/../../../../arm-none-eabi/lib/thumb/v7-m\libnosys.a
END GROUP
START GROUP
LOAD c:/st/stm32cubeide_1.4.0/stm32cubeide/plugins/com.st.stm32cube.ide.mcu.externaltools.gnu-tools-for-stm32.7-2018-q2-update.win32_1.4.0.202007081208/tools/bin/../lib/gcc/arm-none-eabi/7.3.1/thumb/v7-m\libgcc.a
LOAD c:/st/stm32cubeide_1.4.0/stm32cubeide/plugins/com.st.stm32cube.ide.mcu.externaltools.gnu-tools-for-stm32.7-2018-q2-update.win32_1.4.0.202007081208/tools/bin/../lib/gcc/arm-none-eabi/7.3.1/../../../../arm-none-eabi/lib/thumb/v7-m\libc_nano.a
LOAD c:/st/stm32cubeide_1.4.0/stm32cubeide/plugins/com.st.stm32cube.ide.mcu.externaltools.gnu-tools-for-stm32.7-2018-q2-update.win32_1.4.0.202007081208/tools/bin/../lib/gcc/arm-none-eabi/7.3.1/../../../../arm-none-eabi/lib/thumb/v7-m\libnosys.a
END GROUP
LOAD c:/st/stm32cubeide_1.4.0/stm32cubeide/plugins/com.st.stm32cube.ide.mcu.externaltools.gnu-tools-for-stm32.7-2018-q2-update.win32_1.4.0.202007081208/tools/bin/../lib/gcc/arm-none-eabi/7.3.1/thumb/v7-m/crtend.o
LOAD c:/st/stm32cubeide_1.4.0/stm32cubeide/plugins/com.st.stm32cube.ide.mcu.externaltools.gnu-tools-for-stm32.7-2018-q2-update.win32_1.4.0.202007081208/tools/bin/../lib/gcc/arm-none-eabi/7.3.1/thumb/v7-m/crtn.o
                0x0000000020002800                _estack = (ORIGIN (RAM) + LENGTH (RAM))
                0x0000000000000200                _Min_Heap_Size = 0x200
                0x0000000000000400                _Min_Stack_Size = 0x400

.isr_vector     0x0000000008000000      0x130
                0x0000000008000000                . = ALIGN (0x4)
 *(.isr_vector)
 .isr_vector    0x0000000008000000      0x130 Startup/startup_stm32f103c6tx.o
                0x0000000008000000                g_pfnVectors
                0x0000000008000130                . = ALIGN (0x4)

.text           0x0000000008000130     0x1aa4
                0x0000000008000130                . = ALIGN (0x4)
 *(.text)
 .text          0x0000000008000130       0x40 c:/st/stm32cubeide_1.4.0/stm32cubeide/plugins/com.st.stm32cube.ide.mcu.externaltools.gnu-tools-for-stm32.7-2018-q2-update.win32_1.4.0.202007081208/tools/bin/../lib/gcc/arm-none-eabi/7.3.1/thumb/v7-m/crtbegin.o
 *(.text*)
 .text.keypad_initialize
                0x0000000008000170       0x5c Drivers/ECU/KEYPAD/keypad.o
                0x0000000008000170                keypad_initialize
 .text.keypad_get_value_blocking
                0x00000000080001cc       0xac Drivers/ECU/KEYPAD/keypad.o
                0x00000000080001cc                keypad_get_value_blocking
 .text.lcd_4bit_intialize
                0x0000000008000278       0xb4 Drivers/ECU/LCD/lcd.o
                0x0000000008000278                lcd_4bit_intialize
 .text.lcd_4bit_send_command
                0x000000000800032c       0x7c Drivers/ECU/LCD/lcd.o
                0x000000000800032c                lcd_4bit_send_command
 .text.lcd_4bit_send_char_data
                0x00000000080003a8       0x64 Drivers/ECU/LCD/lcd.o
                0x00000000080003a8                lcd_4bit_send_char_data
 .text.lcd_4bit_send_string
                0x000000000800040c       0x40 Drivers/ECU/LCD/lcd.o
                0x000000000800040c                lcd_4bit_send_string
 .text.lcd_send_4bits
                0x000000000800044c       0x7e Drivers/ECU/LCD/lcd.o
 .text.lcd_4bit_send_enable_signal
                0x00000000080004ca       0x34 Drivers/ECU/LCD/lcd.o
 *fill*         0x00000000080004fe        0x2 
 .text.EXTI0_IRQHandler
                0x0000000008000500       0x24 Drivers/MCAL/EXTI/EXTI.o
                0x0000000008000500                EXTI0_IRQHandler
 .text.EXTI1_IRQHandler
                0x0000000008000524       0x24 Drivers/MCAL/EXTI/EXTI.o
                0x0000000008000524                EXTI1_IRQHandler
 .text.EXTI2_IRQHandler
                0x0000000008000548       0x24 Drivers/MCAL/EXTI/EXTI.o
                0x0000000008000548                EXTI2_IRQHandler
 .text.EXTI3_IRQHandler
                0x000000000800056c       0x24 Drivers/MCAL/EXTI/EXTI.o
                0x000000000800056c                EXTI3_IRQHandler
 .text.EXTI4_IRQHandler
                0x0000000008000590       0x24 Drivers/MCAL/EXTI/EXTI.o
                0x0000000008000590                EXTI4_IRQHandler
 .text.EXTI9_5_IRQHandler
                0x00000000080005b4       0xa8 Drivers/MCAL/EXTI/EXTI.o
                0x00000000080005b4                EXTI9_5_IRQHandler
 .text.EXTI15_10_IRQHandler
                0x000000000800065c       0xc4 Drivers/MCAL/EXTI/EXTI.o
                0x000000000800065c                EXTI15_10_IRQHandler
 .text.Get_CRL_Position
                0x0000000008000720       0x26 Drivers/MCAL/GPIO/GPIO.o
                0x0000000008000720                Get_CRL_Position
 *fill*         0x0000000008000746        0x2 
 .text.gpio_pin_intialize
                0x0000000008000748      0x128 Drivers/MCAL/GPIO/GPIO.o
                0x0000000008000748                gpio_pin_intialize
 .text.gpio_pin_read_logic
                0x0000000008000870       0x26 Drivers/MCAL/GPIO/GPIO.o
                0x0000000008000870                gpio_pin_read_logic
 .text.gpio_pin_write_logic
                0x0000000008000896       0x52 Drivers/MCAL/GPIO/GPIO.o
                0x0000000008000896                gpio_pin_write_logic
 .text.delay_ms
                0x00000000080008e8       0x38 Drivers/MCAL/GPIO/GPIO.o
                0x00000000080008e8                delay_ms
 .text.I2C1_ER_IRQHandler
                0x0000000008000920        0xc Drivers/MCAL/I2C/I2C.o
                0x0000000008000920                I2C1_ER_IRQHandler
 .text.I2C1_EV_IRQHandler
                0x000000000800092c       0xec Drivers/MCAL/I2C/I2C.o
                0x000000000800092c                I2C1_EV_IRQHandler
 .text.Slave_States
                0x0000000008000a18       0xe0 Drivers/MCAL/I2C/I2C.o
                0x0000000008000a18                Slave_States
 .text.I2C2_ER_IRQHandler
                0x0000000008000af8        0xc Drivers/MCAL/I2C/I2C.o
                0x0000000008000af8                I2C2_ER_IRQHandler
 .text.I2C2_EV_IRQHandler
                0x0000000008000b04        0xc Drivers/MCAL/I2C/I2C.o
                0x0000000008000b04                I2C2_EV_IRQHandler
 .text.MCAL_RCC_GetSYS_CLCKFreq
                0x0000000008000b10       0x3c Drivers/MCAL/RCC/RCC.o
                0x0000000008000b10                MCAL_RCC_GetSYS_CLCKFreq
 .text.MCAL_RCC_GetHCLKFreq
                0x0000000008000b4c       0x28 Drivers/MCAL/RCC/RCC.o
                0x0000000008000b4c                MCAL_RCC_GetHCLKFreq
 .text.MCAL_RCC_GetPCLK1Freq
                0x0000000008000b74       0x28 Drivers/MCAL/RCC/RCC.o
                0x0000000008000b74                MCAL_RCC_GetPCLK1Freq
 .text.MCAL_RCC_GetPCLK2Freq
                0x0000000008000b9c       0x28 Drivers/MCAL/RCC/RCC.o
                0x0000000008000b9c                MCAL_RCC_GetPCLK2Freq
 .text.SPI1_IRQHandler
                0x0000000008000bc4       0x14 Drivers/MCAL/SPI/SPI.o
                0x0000000008000bc4                SPI1_IRQHandler
 .text.SPI2_IRQHandler
                0x0000000008000bd8       0x14 Drivers/MCAL/SPI/SPI.o
                0x0000000008000bd8                SPI2_IRQHandler
 .text.PWM      0x0000000008000bec      0x790 Drivers/MCAL/TIMER/TIMER.o
                0x0000000008000bec                PWM
 .text.MCAL_UART_Init
                0x000000000800137c      0x20c Drivers/MCAL/USART/USART.o
                0x000000000800137c                MCAL_UART_Init
 .text.MCAL_UART_SendData
                0x0000000008001588       0x44 Drivers/MCAL/USART/USART.o
                0x0000000008001588                MCAL_UART_SendData
 .text.MCAL_UART_GPIO_Set_Pins
                0x00000000080015cc      0x114 Drivers/MCAL/USART/USART.o
                0x00000000080015cc                MCAL_UART_GPIO_Set_Pins
 .text.USART1_IRQHandler
                0x00000000080016e0       0x14 Drivers/MCAL/USART/USART.o
                0x00000000080016e0                USART1_IRQHandler
 .text.USART2_IRQHandler
                0x00000000080016f4       0x14 Drivers/MCAL/USART/USART.o
                0x00000000080016f4                USART2_IRQHandler
 .text.USART3_IRQHandler
                0x0000000008001708       0x14 Drivers/MCAL/USART/USART.o
                0x0000000008001708                USART3_IRQHandler
 .text.ENTER_CALLBACK
                0x000000000800171c       0x28 Src/main.o
                0x000000000800171c                ENTER_CALLBACK
 .text.EXIT_CALLBACK
                0x0000000008001744       0x28 Src/main.o
                0x0000000008001744                EXIT_CALLBACK
 .text.main     0x000000000800176c       0xf0 Src/main.o
                0x000000000800176c                main
 .text.GetValidIDs
                0x000000000800185c       0x8c Src/main.o
                0x000000000800185c                GetValidIDs
 .text.Check_In_ID
                0x00000000080018e8       0xe0 Src/main.o
                0x00000000080018e8                Check_In_ID
 .text.Check_Out_ID
                0x00000000080019c8       0xe0 Src/main.o
                0x00000000080019c8                Check_Out_ID
 .text.Control_Gate
                0x0000000008001aa8       0x78 Src/main.o
                0x0000000008001aa8                Control_Gate
 .text.Reset_Handler
                0x0000000008001b20       0x50 Startup/startup_stm32f103c6tx.o
                0x0000000008001b20                Reset_Handler
 .text.Default_Handler
                0x0000000008001b70        0x2 Startup/startup_stm32f103c6tx.o
                0x0000000008001b70                TIM8_TRG_COM_IRQHandler
                0x0000000008001b70                TIM8_CC_IRQHandler
                0x0000000008001b70                DebugMon_Handler
                0x0000000008001b70                TIM1_CC_IRQHandler
                0x0000000008001b70                HardFault_Handler
                0x0000000008001b70                TIM6_IRQHandler
                0x0000000008001b70                SysTick_Handler
                0x0000000008001b70                PVD_IRQHandler
                0x0000000008001b70                SDIO_IRQHandler
                0x0000000008001b70                PendSV_Handler
                0x0000000008001b70                NMI_Handler
                0x0000000008001b70                USB_HP_CAN_TX_IRQHandler
                0x0000000008001b70                UsageFault_Handler
                0x0000000008001b70                ADC1_2_IRQHandler
                0x0000000008001b70                CAN_SCE_IRQHandler
                0x0000000008001b70                TAMPER_IRQHandler
                0x0000000008001b70                TIM8_UP_IRQHandler
                0x0000000008001b70                DMA2_Channel2_IRQHandler
                0x0000000008001b70                DMA1_Channel4_IRQHandler
                0x0000000008001b70                RTC_IRQHandler
                0x0000000008001b70                DMA1_Channel7_IRQHandler
                0x0000000008001b70                UART5_IRQHandler
                0x0000000008001b70                ADC3_IRQHandler
                0x0000000008001b70                TIM4_IRQHandler
                0x0000000008001b70                CAN_RX1_IRQHandler
                0x0000000008001b70                DMA2_Channel1_IRQHandler
                0x0000000008001b70                DMA1_Channel6_IRQHandler
                0x0000000008001b70                UART4_IRQHandler
                0x0000000008001b70                TIM3_IRQHandler
                0x0000000008001b70                RCC_IRQHandler
                0x0000000008001b70                TIM1_TRG_COM_IRQHandler
                0x0000000008001b70                DMA1_Channel1_IRQHandler
                0x0000000008001b70                Default_Handler
                0x0000000008001b70                TIM7_IRQHandler
                0x0000000008001b70                TIM5_IRQHandler
                0x0000000008001b70                USB_LP_CAN_RX0_IRQHandler
                0x0000000008001b70                MemManage_Handler
                0x0000000008001b70                SVC_Handler
                0x0000000008001b70                DMA1_Channel5_IRQHandler
                0x0000000008001b70                DMA1_Channel3_IRQHandler
                0x0000000008001b70                FSMC_IRQHandler
                0x0000000008001b70                TIM1_UP_IRQHandler
                0x0000000008001b70                WWDG_IRQHandler
                0x0000000008001b70                TIM2_IRQHandler
                0x0000000008001b70                TIM1_BRK_IRQHandler
                0x0000000008001b70                RTCAlarm_IRQHandler
                0x0000000008001b70                DMA2_Channel4_5_IRQHandler
                0x0000000008001b70                DMA1_Channel2_IRQHandler
                0x0000000008001b70                TIM8_BRK_IRQHandler
                0x0000000008001b70                FLASH_IRQHandler
                0x0000000008001b70                BusFault_Handler
                0x0000000008001b70                SPI3_IRQHandler
                0x0000000008001b70                DMA2_Channel3_IRQHandler
 *fill*         0x0000000008001b72        0x2 
 .text.__libc_init_array
                0x0000000008001b74       0x48 c:/st/stm32cubeide_1.4.0/stm32cubeide/plugins/com.st.stm32cube.ide.mcu.externaltools.gnu-tools-for-stm32.7-2018-q2-update.win32_1.4.0.202007081208/tools/bin/../lib/gcc/arm-none-eabi/7.3.1/../../../../arm-none-eabi/lib/thumb/v7-m\libc_nano.a(lib_a-init.o)
                0x0000000008001b74                __libc_init_array
 *(.glue_7)
 .glue_7        0x0000000008001bbc        0x0 linker stubs
 *(.glue_7t)
 .glue_7t       0x0000000008001bbc        0x0 linker stubs
 *(.eh_frame)
 .eh_frame      0x0000000008001bbc        0x0 c:/st/stm32cubeide_1.4.0/stm32cubeide/plugins/com.st.stm32cube.ide.mcu.externaltools.gnu-tools-for-stm32.7-2018-q2-update.win32_1.4.0.202007081208/tools/bin/../lib/gcc/arm-none-eabi/7.3.1/thumb/v7-m/crtbegin.o
 *(.init)
 .init          0x0000000008001bbc        0x4 c:/st/stm32cubeide_1.4.0/stm32cubeide/plugins/com.st.stm32cube.ide.mcu.externaltools.gnu-tools-for-stm32.7-2018-q2-update.win32_1.4.0.202007081208/tools/bin/../lib/gcc/arm-none-eabi/7.3.1/thumb/v7-m/crti.o
                0x0000000008001bbc                _init
 .init          0x0000000008001bc0        0x8 c:/st/stm32cubeide_1.4.0/stm32cubeide/plugins/com.st.stm32cube.ide.mcu.externaltools.gnu-tools-for-stm32.7-2018-q2-update.win32_1.4.0.202007081208/tools/bin/../lib/gcc/arm-none-eabi/7.3.1/thumb/v7-m/crtn.o
 *(.fini)
 .fini          0x0000000008001bc8        0x4 c:/st/stm32cubeide_1.4.0/stm32cubeide/plugins/com.st.stm32cube.ide.mcu.externaltools.gnu-tools-for-stm32.7-2018-q2-update.win32_1.4.0.202007081208/tools/bin/../lib/gcc/arm-none-eabi/7.3.1/thumb/v7-m/crti.o
                0x0000000008001bc8                _fini
 .fini          0x0000000008001bcc        0x8 c:/st/stm32cubeide_1.4.0/stm32cubeide/plugins/com.st.stm32cube.ide.mcu.externaltools.gnu-tools-for-stm32.7-2018-q2-update.win32_1.4.0.202007081208/tools/bin/../lib/gcc/arm-none-eabi/7.3.1/thumb/v7-m/crtn.o
                0x0000000008001bd4                . = ALIGN (0x4)
                0x0000000008001bd4                _etext = .

.vfp11_veneer   0x0000000008001bd4        0x0
 .vfp11_veneer  0x0000000008001bd4        0x0 linker stubs

.v4_bx          0x0000000008001bd4        0x0
 .v4_bx         0x0000000008001bd4        0x0 linker stubs

.iplt           0x0000000008001bd4        0x0
 .iplt          0x0000000008001bd4        0x0 c:/st/stm32cubeide_1.4.0/stm32cubeide/plugins/com.st.stm32cube.ide.mcu.externaltools.gnu-tools-for-stm32.7-2018-q2-update.win32_1.4.0.202007081208/tools/bin/../lib/gcc/arm-none-eabi/7.3.1/thumb/v7-m/crtbegin.o

.rodata         0x0000000008001bd4       0xa0
                0x0000000008001bd4                . = ALIGN (0x4)
 *(.rodata)
 .rodata        0x0000000008001bd4       0x77 Src/main.o
 *(.rodata*)
 *fill*         0x0000000008001c4b        0x1 
 .rodata.btn_values
                0x0000000008001c4c       0x10 Drivers/ECU/KEYPAD/keypad.o
 .rodata.APBPrescTable
                0x0000000008001c5c        0x8 Drivers/MCAL/RCC/RCC.o
                0x0000000008001c5c                APBPrescTable
 .rodata.AHBPrescTable
                0x0000000008001c64       0x10 Drivers/MCAL/RCC/RCC.o
                0x0000000008001c64                AHBPrescTable
                0x0000000008001c74                . = ALIGN (0x4)

.rel.dyn        0x0000000008001c74        0x0
 .rel.iplt      0x0000000008001c74        0x0 c:/st/stm32cubeide_1.4.0/stm32cubeide/plugins/com.st.stm32cube.ide.mcu.externaltools.gnu-tools-for-stm32.7-2018-q2-update.win32_1.4.0.202007081208/tools/bin/../lib/gcc/arm-none-eabi/7.3.1/thumb/v7-m/crtbegin.o

.ARM.extab      0x0000000008001c74        0x0
                0x0000000008001c74                . = ALIGN (0x4)
 *(.ARM.extab* .gnu.linkonce.armextab.*)
                0x0000000008001c74                . = ALIGN (0x4)

.ARM            0x0000000008001c74        0x0
                0x0000000008001c74                . = ALIGN (0x4)
                0x0000000008001c74                __exidx_start = .
 *(.ARM.exidx*)
                0x0000000008001c74                __exidx_end = .
                0x0000000008001c74                . = ALIGN (0x4)

.preinit_array  0x0000000008001c74        0x0
                0x0000000008001c74                . = ALIGN (0x4)
                0x0000000008001c74                PROVIDE (__preinit_array_start = .)
 *(.preinit_array*)
                0x0000000008001c74                PROVIDE (__preinit_array_end = .)
                0x0000000008001c74                . = ALIGN (0x4)

.init_array     0x0000000008001c74        0x4
                0x0000000008001c74                . = ALIGN (0x4)
                0x0000000008001c74                PROVIDE (__init_array_start = .)
 *(SORT_BY_NAME(.init_array.*))
 *(.init_array*)
 .init_array    0x0000000008001c74        0x4 c:/st/stm32cubeide_1.4.0/stm32cubeide/plugins/com.st.stm32cube.ide.mcu.externaltools.gnu-tools-for-stm32.7-2018-q2-update.win32_1.4.0.202007081208/tools/bin/../lib/gcc/arm-none-eabi/7.3.1/thumb/v7-m/crtbegin.o
                0x0000000008001c78                PROVIDE (__init_array_end = .)
                0x0000000008001c78                . = ALIGN (0x4)

.fini_array     0x0000000008001c78        0x4
                0x0000000008001c78                . = ALIGN (0x4)
                [!provide]                        PROVIDE (__fini_array_start = .)
 *(SORT_BY_NAME(.fini_array.*))
 *(.fini_array*)
 .fini_array    0x0000000008001c78        0x4 c:/st/stm32cubeide_1.4.0/stm32cubeide/plugins/com.st.stm32cube.ide.mcu.externaltools.gnu-tools-for-stm32.7-2018-q2-update.win32_1.4.0.202007081208/tools/bin/../lib/gcc/arm-none-eabi/7.3.1/thumb/v7-m/crtbegin.o
                [!provide]                        PROVIDE (__fini_array_end = .)
                0x0000000008001c7c                . = ALIGN (0x4)
                0x0000000008001c7c                _sidata = LOADADDR (.data)

.data           0x0000000020000000       0xf8 load address 0x0000000008001c7c
                0x0000000020000000                . = ALIGN (0x4)
                0x0000000020000000                _sdata = .
 *(.data)
 *(.data*)
 .data.keypad   0x0000000020000000       0x40 Src/main.o
                0x0000000020000000                keypad
 .data.ADMIN    0x0000000020000040       0x30 Src/main.o
                0x0000000020000040                ADMIN
 .data.DRIVER   0x0000000020000070       0x30 Src/main.o
                0x0000000020000070                DRIVER
 .data.Enter    0x00000000200000a0       0x18 Src/main.o
                0x00000000200000a0                Enter
 .data.Exit     0x00000000200000b8       0x18 Src/main.o
                0x00000000200000b8                Exit
 .data.RIP1     0x00000000200000d0        0x8 Src/main.o
                0x00000000200000d0                RIP1
 .data.RIP2     0x00000000200000d8        0x8 Src/main.o
                0x00000000200000d8                RIP2
 .data.PWM2     0x00000000200000e0        0xc Src/main.o
                0x00000000200000e0                PWM2
 .data.PWM3     0x00000000200000ec        0xc Src/main.o
                0x00000000200000ec                PWM3
                0x00000000200000f8                . = ALIGN (0x4)
                0x00000000200000f8                _edata = .

.igot.plt       0x00000000200000f8        0x0 load address 0x0000000008001d74
 .igot.plt      0x00000000200000f8        0x0 c:/st/stm32cubeide_1.4.0/stm32cubeide/plugins/com.st.stm32cube.ide.mcu.externaltools.gnu-tools-for-stm32.7-2018-q2-update.win32_1.4.0.202007081208/tools/bin/../lib/gcc/arm-none-eabi/7.3.1/thumb/v7-m/crtbegin.o
                0x00000000200000f8                . = ALIGN (0x4)

.bss            0x00000000200000f8       0xd4 load address 0x0000000008001d74
                0x00000000200000f8                _sbss = .
                0x00000000200000f8                __bss_start__ = _sbss
 *(.bss)
 .bss           0x00000000200000f8       0x1c c:/st/stm32cubeide_1.4.0/stm32cubeide/plugins/com.st.stm32cube.ide.mcu.externaltools.gnu-tools-for-stm32.7-2018-q2-update.win32_1.4.0.202007081208/tools/bin/../lib/gcc/arm-none-eabi/7.3.1/thumb/v7-m/crtbegin.o
 *(.bss*)
 .bss.Global_I2C_Config
                0x0000000020000114       0x48 Drivers/MCAL/I2C/I2C.o
                0x0000000020000114                Global_I2C_Config
 .bss.SPI_INT_CALLBACK
                0x000000002000015c        0x8 Drivers/MCAL/SPI/SPI.o
 .bss.USART_INT_CALLBACK
                0x0000000020000164        0xc Drivers/MCAL/USART/USART.o
 *(COMMON)
 COMMON         0x0000000020000170       0x3c Drivers/MCAL/EXTI/EXTI.o
                0x0000000020000170                GP_IRQ_CallBack
 COMMON         0x00000000200001ac       0x1d Src/main.o
                0x00000000200001ac                Garage_List
                0x00000000200001c4                ValidIDs
                0x00000000200001c7                Exit_Data
                0x00000000200001c8                Enter_Data
                0x00000000200001cc                . = ALIGN (0x4)
 *fill*         0x00000000200001c9        0x3 
                0x00000000200001cc                _ebss = .
                0x00000000200001cc                __bss_end__ = _ebss

._user_heap_stack
                0x00000000200001cc      0x604 load address 0x0000000008001d74
                0x00000000200001d0                . = ALIGN (0x8)
 *fill*         0x00000000200001cc        0x4 
                [!provide]                        PROVIDE (end = .)
                0x00000000200001d0                PROVIDE (_end = .)
                0x00000000200003d0                . = (. + _Min_Heap_Size)
 *fill*         0x00000000200001d0      0x200 
                0x00000000200007d0                . = (. + _Min_Stack_Size)
 *fill*         0x00000000200003d0      0x400 
                0x00000000200007d0                . = ALIGN (0x8)

/DISCARD/
 libc.a(*)
 libm.a(*)
 libgcc.a(*)

.ARM.attributes
                0x0000000000000000       0x29
 *(.ARM.attributes)
 .ARM.attributes
                0x0000000000000000       0x1d c:/st/stm32cubeide_1.4.0/stm32cubeide/plugins/com.st.stm32cube.ide.mcu.externaltools.gnu-tools-for-stm32.7-2018-q2-update.win32_1.4.0.202007081208/tools/bin/../lib/gcc/arm-none-eabi/7.3.1/thumb/v7-m/crti.o
 .ARM.attributes
                0x000000000000001d       0x2d c:/st/stm32cubeide_1.4.0/stm32cubeide/plugins/com.st.stm32cube.ide.mcu.externaltools.gnu-tools-for-stm32.7-2018-q2-update.win32_1.4.0.202007081208/tools/bin/../lib/gcc/arm-none-eabi/7.3.1/thumb/v7-m/crtbegin.o
 .ARM.attributes
                0x000000000000004a       0x33 Drivers/ECU/KEYPAD/keypad.o
 .ARM.attributes
                0x000000000000007d       0x33 Drivers/ECU/LCD/lcd.o
 .ARM.attributes
                0x00000000000000b0       0x33 Drivers/MCAL/EXTI/EXTI.o
 .ARM.attributes
                0x00000000000000e3       0x33 Drivers/MCAL/GPIO/GPIO.o
 .ARM.attributes
                0x0000000000000116       0x33 Drivers/MCAL/I2C/I2C.o
 .ARM.attributes
                0x0000000000000149       0x33 Drivers/MCAL/RCC/RCC.o
 .ARM.attributes
                0x000000000000017c       0x33 Drivers/MCAL/SPI/SPI.o
 .ARM.attributes
                0x00000000000001af       0x33 Drivers/MCAL/TIMER/TIMER.o
 .ARM.attributes
                0x00000000000001e2       0x33 Drivers/MCAL/USART/USART.o
 .ARM.attributes
                0x0000000000000215       0x33 Src/main.o
 .ARM.attributes
                0x0000000000000248       0x21 Startup/startup_stm32f103c6tx.o
 .ARM.attributes
                0x0000000000000269       0x2d c:/st/stm32cubeide_1.4.0/stm32cubeide/plugins/com.st.stm32cube.ide.mcu.externaltools.gnu-tools-for-stm32.7-2018-q2-update.win32_1.4.0.202007081208/tools/bin/../lib/gcc/arm-none-eabi/7.3.1/../../../../arm-none-eabi/lib/thumb/v7-m\libc_nano.a(lib_a-init.o)
 .ARM.attributes
                0x0000000000000296       0x1d c:/st/stm32cubeide_1.4.0/stm32cubeide/plugins/com.st.stm32cube.ide.mcu.externaltools.gnu-tools-for-stm32.7-2018-q2-update.win32_1.4.0.202007081208/tools/bin/../lib/gcc/arm-none-eabi/7.3.1/thumb/v7-m/crtn.o
OUTPUT(STM32F103XX-Smart-Parking-System.elf elf32-littlearm)

.debug_info     0x0000000000000000     0x9e14
 .debug_info    0x0000000000000000      0xd03 Drivers/ECU/KEYPAD/keypad.o
 .debug_info    0x0000000000000d03     0x1472 Drivers/ECU/LCD/lcd.o
 .debug_info    0x0000000000002175      0xec0 Drivers/MCAL/EXTI/EXTI.o
 .debug_info    0x0000000000003035      0xf60 Drivers/MCAL/GPIO/GPIO.o
 .debug_info    0x0000000000003f95     0x13cb Drivers/MCAL/I2C/I2C.o
 .debug_info    0x0000000000005360      0xb25 Drivers/MCAL/RCC/RCC.o
 .debug_info    0x0000000000005e85      0xfa9 Drivers/MCAL/SPI/SPI.o
 .debug_info    0x0000000000006e2e      0xe16 Drivers/MCAL/TIMER/TIMER.o
 .debug_info    0x0000000000007c44      0xf6f Drivers/MCAL/USART/USART.o
 .debug_info    0x0000000000008bb3     0x123f Src/main.o
 .debug_info    0x0000000000009df2       0x22 Startup/startup_stm32f103c6tx.o

.debug_abbrev   0x0000000000000000     0x1595
 .debug_abbrev  0x0000000000000000      0x1e0 Drivers/ECU/KEYPAD/keypad.o
 .debug_abbrev  0x00000000000001e0      0x275 Drivers/ECU/LCD/lcd.o
 .debug_abbrev  0x0000000000000455      0x22a Drivers/MCAL/EXTI/EXTI.o
 .debug_abbrev  0x000000000000067f      0x24c Drivers/MCAL/GPIO/GPIO.o
 .debug_abbrev  0x00000000000008cb      0x289 Drivers/MCAL/I2C/I2C.o
 .debug_abbrev  0x0000000000000b54      0x19b Drivers/MCAL/RCC/RCC.o
 .debug_abbrev  0x0000000000000cef      0x243 Drivers/MCAL/SPI/SPI.o
 .debug_abbrev  0x0000000000000f32      0x1d3 Drivers/MCAL/TIMER/TIMER.o
 .debug_abbrev  0x0000000000001105      0x229 Drivers/MCAL/USART/USART.o
 .debug_abbrev  0x000000000000132e      0x255 Src/main.o
 .debug_abbrev  0x0000000000001583       0x12 Startup/startup_stm32f103c6tx.o

.debug_loc      0x0000000000000000     0x1cf4
 .debug_loc     0x0000000000000000       0xf0 Drivers/ECU/KEYPAD/keypad.o
 .debug_loc     0x00000000000000f0      0x6e0 Drivers/ECU/LCD/lcd.o
 .debug_loc     0x00000000000007d0      0x320 Drivers/MCAL/EXTI/EXTI.o
 .debug_loc     0x0000000000000af0      0x4a0 Drivers/MCAL/GPIO/GPIO.o
 .debug_loc     0x0000000000000f90      0x580 Drivers/MCAL/I2C/I2C.o
 .debug_loc     0x0000000000001510       0xc8 Drivers/MCAL/RCC/RCC.o
 .debug_loc     0x00000000000015d8      0x274 Drivers/MCAL/SPI/SPI.o
 .debug_loc     0x000000000000184c       0x50 Drivers/MCAL/TIMER/TIMER.o
 .debug_loc     0x000000000000189c      0x294 Drivers/MCAL/USART/USART.o
 .debug_loc     0x0000000000001b30      0x1c4 Src/main.o

.debug_aranges  0x0000000000000000      0x420
 .debug_aranges
                0x0000000000000000       0x30 Drivers/ECU/KEYPAD/keypad.o
 .debug_aranges
                0x0000000000000030       0xc8 Drivers/ECU/LCD/lcd.o
 .debug_aranges
                0x00000000000000f8       0x80 Drivers/MCAL/EXTI/EXTI.o
 .debug_aranges
                0x0000000000000178       0x80 Drivers/MCAL/GPIO/GPIO.o
 .debug_aranges
                0x00000000000001f8       0xa0 Drivers/MCAL/I2C/I2C.o
 .debug_aranges
                0x0000000000000298       0x38 Drivers/MCAL/RCC/RCC.o
 .debug_aranges
                0x00000000000002d0       0x58 Drivers/MCAL/SPI/SPI.o
 .debug_aranges
                0x0000000000000328       0x20 Drivers/MCAL/TIMER/TIMER.o
 .debug_aranges
                0x0000000000000348       0x60 Drivers/MCAL/USART/USART.o
 .debug_aranges
                0x00000000000003a8       0x50 Src/main.o
 .debug_aranges
                0x00000000000003f8       0x28 Startup/startup_stm32f103c6tx.o

.debug_ranges   0x0000000000000000      0x378
 .debug_ranges  0x0000000000000000       0x20 Drivers/ECU/KEYPAD/keypad.o
 .debug_ranges  0x0000000000000020       0xb8 Drivers/ECU/LCD/lcd.o
 .debug_ranges  0x00000000000000d8       0x70 Drivers/MCAL/EXTI/EXTI.o
 .debug_ranges  0x0000000000000148       0x70 Drivers/MCAL/GPIO/GPIO.o
 .debug_ranges  0x00000000000001b8       0x90 Drivers/MCAL/I2C/I2C.o
 .debug_ranges  0x0000000000000248       0x28 Drivers/MCAL/RCC/RCC.o
 .debug_ranges  0x0000000000000270       0x48 Drivers/MCAL/SPI/SPI.o
 .debug_ranges  0x00000000000002b8       0x10 Drivers/MCAL/TIMER/TIMER.o
 .debug_ranges  0x00000000000002c8       0x50 Drivers/MCAL/USART/USART.o
 .debug_ranges  0x0000000000000318       0x40 Src/main.o
 .debug_ranges  0x0000000000000358       0x20 Startup/startup_stm32f103c6tx.o

.debug_macro    0x0000000000000000     0x160d
 .debug_macro   0x0000000000000000      0x178 Drivers/ECU/KEYPAD/keypad.o
 .debug_macro   0x0000000000000178       0x10 Drivers/ECU/KEYPAD/keypad.o
 .debug_macro   0x0000000000000188      0x17e Drivers/ECU/LCD/lcd.o
 .debug_macro   0x0000000000000306       0x40 Drivers/ECU/LCD/lcd.o
 .debug_macro   0x0000000000000346       0x8e Drivers/ECU/LCD/lcd.o
 .debug_macro   0x00000000000003d4      0x184 Drivers/MCAL/EXTI/EXTI.o
 .debug_macro   0x0000000000000558      0x222 Drivers/MCAL/EXTI/EXTI.o
 .debug_macro   0x000000000000077a      0x16f Drivers/MCAL/GPIO/GPIO.o
 .debug_macro   0x00000000000008e9      0x18d Drivers/MCAL/I2C/I2C.o
 .debug_macro   0x0000000000000a76      0x16f Drivers/MCAL/RCC/RCC.o
 .debug_macro   0x0000000000000be5       0x10 Drivers/MCAL/RCC/RCC.o
 .debug_macro   0x0000000000000bf5      0x187 Drivers/MCAL/SPI/SPI.o
 .debug_macro   0x0000000000000d7c       0xe6 Drivers/MCAL/SPI/SPI.o
 .debug_macro   0x0000000000000e62      0x182 Drivers/MCAL/TIMER/TIMER.o
 .debug_macro   0x0000000000000fe4      0x187 Drivers/MCAL/USART/USART.o
 .debug_macro   0x000000000000116b       0xe8 Drivers/MCAL/USART/USART.o
 .debug_macro   0x0000000000001253      0x1bf Src/main.o
 .debug_macro   0x0000000000001412       0x16 Src/main.o
 .debug_macro   0x0000000000001428       0x94 Src/main.o
 .debug_macro   0x00000000000014bc       0xec Src/main.o
 .debug_macro   0x00000000000015a8       0x65 Src/main.o

.debug_line     0x0000000000000000     0x4c78
 .debug_line    0x0000000000000000      0x6ae Drivers/ECU/KEYPAD/keypad.o
 .debug_line    0x00000000000006ae      0x87c Drivers/ECU/LCD/lcd.o
 .debug_line    0x0000000000000f2a      0x798 Drivers/MCAL/EXTI/EXTI.o
 .debug_line    0x00000000000016c2      0x6eb Drivers/MCAL/GPIO/GPIO.o
 .debug_line    0x0000000000001dad      0x8d2 Drivers/MCAL/I2C/I2C.o
 .debug_line    0x000000000000267f      0x5b9 Drivers/MCAL/RCC/RCC.o
 .debug_line    0x0000000000002c38      0x78c Drivers/MCAL/SPI/SPI.o
 .debug_line    0x00000000000033c4      0x6f6 Drivers/MCAL/TIMER/TIMER.o
 .debug_line    0x0000000000003aba      0x76c Drivers/MCAL/USART/USART.o
 .debug_line    0x0000000000004226      0x9ce Src/main.o
 .debug_line    0x0000000000004bf4       0x84 Startup/startup_stm32f103c6tx.o

.debug_str      0x0000000000000000     0xd0fd
 .debug_str     0x0000000000000000     0x9b9b Drivers/ECU/KEYPAD/keypad.o
                                       0x9dfd (size before relaxing)
 .debug_str     0x0000000000009b9b      0x566 Drivers/ECU/LCD/lcd.o
                                       0xa279 (size before relaxing)
 .debug_str     0x000000000000a101     0x15a2 Drivers/MCAL/EXTI/EXTI.o
                                       0xb29a (size before relaxing)
 .debug_str     0x000000000000b6a3      0x19a Drivers/MCAL/GPIO/GPIO.o
                                       0x9ec8 (size before relaxing)
 .debug_str     0x000000000000b83d      0x6ba Drivers/MCAL/I2C/I2C.o
                                       0xa462 (size before relaxing)
 .debug_str     0x000000000000bef7       0x90 Drivers/MCAL/RCC/RCC.o
                                       0x9a7b (size before relaxing)
 .debug_str     0x000000000000bf87      0x7a1 Drivers/MCAL/SPI/SPI.o
                                       0xa547 (size before relaxing)
 .debug_str     0x000000000000c728       0xca Drivers/MCAL/TIMER/TIMER.o
                                       0x9e43 (size before relaxing)
 .debug_str     0x000000000000c7f2      0x7da Drivers/MCAL/USART/USART.o
                                       0xa5ab (size before relaxing)
 .debug_str     0x000000000000cfcc      0x100 Src/main.o
                                       0xb087 (size before relaxing)
 .debug_str     0x000000000000d0cc       0x31 Startup/startup_stm32f103c6tx.o
                                         0x82 (size before relaxing)

.comment        0x0000000000000000       0x7b
 .comment       0x0000000000000000       0x7b Drivers/ECU/KEYPAD/keypad.o
                                         0x7c (size before relaxing)
 .comment       0x000000000000007b       0x7c Drivers/ECU/LCD/lcd.o
 .comment       0x000000000000007b       0x7c Drivers/MCAL/EXTI/EXTI.o
 .comment       0x000000000000007b       0x7c Drivers/MCAL/GPIO/GPIO.o
 .comment       0x000000000000007b       0x7c Drivers/MCAL/I2C/I2C.o
 .comment       0x000000000000007b       0x7c Drivers/MCAL/RCC/RCC.o
 .comment       0x000000000000007b       0x7c Drivers/MCAL/SPI/SPI.o
 .comment       0x000000000000007b       0x7c Drivers/MCAL/TIMER/TIMER.o
 .comment       0x000000000000007b       0x7c Drivers/MCAL/USART/USART.o
 .comment       0x000000000000007b       0x7c Src/main.o

.debug_frame    0x0000000000000000      0xe54
 .debug_frame   0x0000000000000000       0x7c Drivers/ECU/KEYPAD/keypad.o
 .debug_frame   0x000000000000007c      0x328 Drivers/ECU/LCD/lcd.o
 .debug_frame   0x00000000000003a4      0x1b0 Drivers/MCAL/EXTI/EXTI.o
 .debug_frame   0x0000000000000554      0x218 Drivers/MCAL/GPIO/GPIO.o
 .debug_frame   0x000000000000076c      0x288 Drivers/MCAL/I2C/I2C.o
 .debug_frame   0x00000000000009f4       0x84 Drivers/MCAL/RCC/RCC.o
 .debug_frame   0x0000000000000a78      0x138 Drivers/MCAL/SPI/SPI.o
 .debug_frame   0x0000000000000bb0       0x38 Drivers/MCAL/TIMER/TIMER.o
 .debug_frame   0x0000000000000be8      0x14c Drivers/MCAL/USART/USART.o
 .debug_frame   0x0000000000000d34       0xf4 Src/main.o
 .debug_frame   0x0000000000000e28       0x2c c:/st/stm32cubeide_1.4.0/stm32cubeide/plugins/com.st.stm32cube.ide.mcu.externaltools.gnu-tools-for-stm32.7-2018-q2-update.win32_1.4.0.202007081208/tools/bin/../lib/gcc/arm-none-eabi/7.3.1/../../../../arm-none-eabi/lib/thumb/v7-m\libc_nano.a(lib_a-init.o)
