lcd.c:23:16:lcd_4bit_intialize	24	static
lcd.c:67:16:lcd_4bit_send_command	24	static
lcd.c:105:16:lcd_4bit_send_char_data	24	static
lcd.c:140:16:lcd_4bit_send_char_data_pos	24	static
lcd.c:161:16:lcd_4bit_send_string	24	static
lcd.c:184:16:lcd_4bit_send_string_pos	32	static
lcd.c:209:16:lcd_4bit_send_custom_char	32	static
lcd.c:233:16:lcd_8bit_intialize	24	static
lcd.c:276:16:lcd_8bit_send_command	24	static
lcd.c:306:16:lcd_8bit_send_char_data	24	static
lcd.c:336:16:lcd_8bit_send_char_data_pos	24	static
lcd.c:356:16:lcd_8bit_send_string	24	static
lcd.c:380:16:lcd_8bit_send_string_pos	32	static
lcd.c:403:16:lcd_8bit_send_custom_char	32	static
lcd.c:428:16:convert_uint8_to_string	24	static
lcd.c:448:16:convert_uint16_to_string	24	static
lcd.c:475:16:convert_uint32_to_string	24	static
lcd.c:495:23:lcd_send_4bits	24	static
lcd.c:512:23:lcd_4bit_send_enable_signal	24	static
lcd.c:529:23:lcd_8bit_send_enable_signal	24	static
lcd.c:546:23:lcd_8bit_set_cursor	24	static
lcd.c:568:23:lcd_4bit_set_cursor	24	static
